// Jest Snapshot v1, https://goo.gl/fbAQLP

exports[`Product snapshot tests test weird snapshot 1`] = `
<div
  className="raised-2 card product-card"
  style={
    Object {
      "backgroundImage": "url(//c1.staticflickr.com/5/4215/35504896635_ec1a78af43_b.jpg)",
    }
  }
>
  <a
    className="product-wrapping-link"
    href="/products/123123-12342-456456-123123-123123"
    onClick={[Function]}
  >
    <div
      className="product-top-title"
    >
      <p
        className="product-title"
      >
        Greek amphora 2
      </p>
      <p
        className="product-price"
      >
        102K USD
      </p>
    </div>
    <p
      className="product-bottom-desc"
    >
      Cupidatat irure magna magna in Lorem Lorem est tempor tempor ut.
    </p>
  </a>
  <button
    className="cart-product-delete-button"
    id="remove-button"
    onClick={[Function]}
  >
    Delete
  </button>
</div>
`;
